// Jest Snapshot v1, https://goo.gl/fbAQLP

exports[`ListItem shouldn't changes snapshots 1`] = `
<ul
  class="sc-ftTHYK"
>
  <li
    class="sc-pyfCe"
  >
    <p
      class="sc-gswNZR"
    >
      Account
    </p>
    <div
      class="sc-iBYQkv"
    >
      <svg
        class="sc-hLBbgP"
        fill="none"
        height="32"
        stroke="var(--main-color)"
        viewBox="0 0 32 32"
        width="32"
      >
        <path
          class="sc-dkrFOg"
          d="M26.6666 28V25.3333C26.6666 23.9188 26.1047 22.5623 25.1045 21.5621C24.1043 20.5619 22.7477 20 21.3333 20H10.6666C9.2521 20 7.89554 20.5619 6.89535 21.5621C5.89515 22.5623 5.33325 23.9188 5.33325 25.3333V28"
        />
        <path
          class="sc-dkrFOg"
          d="M16.0001 4C14.5856 4 13.229 4.5619 12.2288 5.5621C11.2287 6.56229 10.6667 7.91885 10.6667 9.33333C10.6667 10.7478 11.2287 12.1044 12.2288 13.1046C13.229 14.1048 14.5856 14.6667 16.0001 14.6667C17.4146 14.6667 18.7711 14.1048 19.7713 13.1046C20.7715 12.1044 21.3334 10.7478 21.3334 9.33333C21.3334 7.91885 20.7715 6.56229 19.7713 5.5621C18.7711 4.5619 17.4146 4 16.0001 4Z"
        />
      </svg>
    </div>
  </li>
</ul>
`;
